MPLINK 5.09, LINKER
Linker Map File - Created Fri Sep 29 15:53:09 2023

                                 Section Info
                  Section       Type    Address   Location Size(Bytes)
                ---------  ---------  ---------  ---------  ---------
                   .org_0       code   0x000000    program   0x000004
                   .cinit    romdata   0x000002    program   0x000004
                   .org_1       code   0x000020    program   0x00003e
.config_0FFF_BUILD/DEFAULT/PRODUCTION/MAIN.O       code   0x000fff    program   0x000002



                              Program Memory Usage 
                               Start         End      
                           ---------   ---------      
                            0x000000    0x000003      
                            0x000020    0x00003e      
                            0x000fff    0x000fff      
            36 out of 261 program addresses used, program memory utilization is 13%



                              Symbols - Sorted by Name
                     Name    Address   Location    Storage File                     
                ---------  ---------  ---------  --------- ---------                
                      TAG   0x00002d    program     static C:\Users\benji\Documents\TP1_CE\Assembleur\main.asm
                     loop   0x000025    program     static C:\Users\benji\Documents\TP1_CE\Assembleur\main.asm
                     main   0x000020    program     static C:\Users\benji\Documents\TP1_CE\Assembleur\main.asm
              timer_100ms   0x000035    program     static C:\Users\benji\Documents\TP1_CE\Assembleur\main.asm
                 timer_2s   0x000031    program     static C:\Users\benji\Documents\TP1_CE\Assembleur\main.asm



                              Symbols - Sorted by Address
                     Name    Address   Location    Storage File                     
                ---------  ---------  ---------  --------- ---------                
                     main   0x000020    program     static C:\Users\benji\Documents\TP1_CE\Assembleur\main.asm
                     loop   0x000025    program     static C:\Users\benji\Documents\TP1_CE\Assembleur\main.asm
                      TAG   0x00002d    program     static C:\Users\benji\Documents\TP1_CE\Assembleur\main.asm
                 timer_2s   0x000031    program     static C:\Users\benji\Documents\TP1_CE\Assembleur\main.asm
              timer_100ms   0x000035    program     static C:\Users\benji\Documents\TP1_CE\Assembleur\main.asm


