MPLINK 5.09, LINKER
Linker Map File - Created Wed Sep 27 15:22:43 2023

                                 Section Info
                  Section       Type    Address   Location Size(Bytes)
                ---------  ---------  ---------  ---------  ---------
                   .org_0       code   0x000000    program   0x000004
                   .cinit    romdata   0x000002    program   0x000004
                   .org_1       code   0x000020    program   0x000064
.config_0FFF_BUILD/DEFAULT/PRODUCTION/MAIN.O       code   0x000fff    program   0x000002



                              Program Memory Usage 
                               Start         End      
                           ---------   ---------      
                            0x000000    0x000003      
                            0x000020    0x000051      
                            0x000fff    0x000fff      
            55 out of 261 program addresses used, program memory utilization is 21%



                              Symbols - Sorted by Name
                     Name    Address   Location    Storage File                     
                ---------  ---------  ---------  --------- ---------                
          led_off_pressed   0x000035    program     static C:\Users\benji\Documents\TP1_CE\TP1_CE.X\main.asm
         led_off_released   0x00003f    program     static C:\Users\benji\Documents\TP1_CE\TP1_CE.X\main.asm
           led_on_pressed   0x000025    program     static C:\Users\benji\Documents\TP1_CE\TP1_CE.X\main.asm
          led_on_released   0x000033    program     static C:\Users\benji\Documents\TP1_CE\TP1_CE.X\main.asm
                     loop   0x000025    program     static C:\Users\benji\Documents\TP1_CE\TP1_CE.X\main.asm
                     main   0x000020    program     static C:\Users\benji\Documents\TP1_CE\TP1_CE.X\main.asm
              timer_100ms   0x000042    program     static C:\Users\benji\Documents\TP1_CE\TP1_CE.X\main.asm
                 timer_1s   0x00004a    program     static C:\Users\benji\Documents\TP1_CE\TP1_CE.X\main.asm



                              Symbols - Sorted by Address
                     Name    Address   Location    Storage File                     
                ---------  ---------  ---------  --------- ---------                
                     main   0x000020    program     static C:\Users\benji\Documents\TP1_CE\TP1_CE.X\main.asm
           led_on_pressed   0x000025    program     static C:\Users\benji\Documents\TP1_CE\TP1_CE.X\main.asm
                     loop   0x000025    program     static C:\Users\benji\Documents\TP1_CE\TP1_CE.X\main.asm
          led_on_released   0x000033    program     static C:\Users\benji\Documents\TP1_CE\TP1_CE.X\main.asm
          led_off_pressed   0x000035    program     static C:\Users\benji\Documents\TP1_CE\TP1_CE.X\main.asm
         led_off_released   0x00003f    program     static C:\Users\benji\Documents\TP1_CE\TP1_CE.X\main.asm
              timer_100ms   0x000042    program     static C:\Users\benji\Documents\TP1_CE\TP1_CE.X\main.asm
                 timer_1s   0x00004a    program     static C:\Users\benji\Documents\TP1_CE\TP1_CE.X\main.asm


